Hello World!
hello1
hello2
hello3
hello1
hello2
1

3.14

1234

1234567890123456789

HW

blob

1
1
3.14
3.14
1234
1234
1234567890123456789
1234567890123456789
HW
HW
blob
blob
1||3.14||1234||1234567890123456789||HW||blob|
1|1|3.14|3.14|1234|1234|1234567890123456789|1234567890123456789|HW|HW|blob|blob
1||3.14||1234||1234567890123456789||HW||blob|
Runtime error near line 175: CQL extension: Invalid procedure arguments
Runtime error near line 176: CQL extension: Invalid procedure arguments
Runtime error near line 177: CQL extension: Invalid procedure arguments
Runtime error near line 178: CQL extension: Invalid procedure arguments
inout_argument|text|HW|text
Runtime error near line 180: CQL extension: Invalid procedure arguments
Runtime error near line 181: CQL extension: Invalid procedure arguments
Runtime error near line 182: CQL extension: Invalid procedure arguments
1|bool|1|integer
210|integer|1234|integer
21|long|1234567890123456789|integer
Runtime error near line 188: CQL extension: Invalid procedure arguments
Runtime error near line 189: CQL extension: Invalid procedure arguments
Runtime error near line 190: CQL extension: Invalid procedure arguments
123|object|123|integer
Runtime error near line 192: CQL extension: Invalid procedure arguments
1|bool|1|integer
210|integer|1234|integer
21|long|1234567890123456789|integer
Runtime error near line 197: CQL extension: Invalid procedure arguments
Runtime error near line 198: CQL extension: Invalid procedure arguments
Runtime error near line 199: CQL extension: Invalid procedure arguments
123|object|123|integer
|null||null
1.0|bool|1|integer
1234.0|integer|1234|integer
1.23456789012346e+18|long|1234567890123456789|integer
3.14|real|3.14|real
Runtime error near line 208: CQL extension: Invalid procedure arguments
Runtime error near line 209: CQL extension: Invalid procedure arguments
123.0|object|123|integer
Runtime error near line 211: CQL extension: Invalid procedure arguments
1.0|bool|1|integer
1234.0|integer|1234|integer
1.23456789012346e+18|long|1234567890123456789|integer
3.14|real|3.14|real
Runtime error near line 217: CQL extension: Invalid procedure arguments
Runtime error near line 218: CQL extension: Invalid procedure arguments
123.0|object|123|integer
|null||null
1|bool|1|integer
1234|integer|1234|integer
2112454933|long|1234567890123456789|integer
Runtime error near line 226: CQL extension: Invalid procedure arguments
Runtime error near line 227: CQL extension: Invalid procedure arguments
Runtime error near line 228: CQL extension: Invalid procedure arguments
123|object|123|integer
Runtime error near line 230: CQL extension: Invalid procedure arguments
1|bool|1|integer
1234|integer|1234|integer
2112454933|long|1234567890123456789|integer
Runtime error near line 235: CQL extension: Invalid procedure arguments
Runtime error near line 236: CQL extension: Invalid procedure arguments
Runtime error near line 237: CQL extension: Invalid procedure arguments
123|object|123|integer
|null||null
1|bool|1|integer
1234|integer|1234|integer
1234567890123456789|long|1234567890123456789|integer
Runtime error near line 245: CQL extension: Invalid procedure arguments
Runtime error near line 246: CQL extension: Invalid procedure arguments
Runtime error near line 247: CQL extension: Invalid procedure arguments
123|object|123|integer
Runtime error near line 249: CQL extension: Invalid procedure arguments
1|bool|1|integer
1234|integer|1234|integer
1234567890123456789|long|1234567890123456789|integer
Runtime error near line 254: CQL extension: Invalid procedure arguments
Runtime error near line 255: CQL extension: Invalid procedure arguments
Runtime error near line 256: CQL extension: Invalid procedure arguments
123|object|123|integer
|null||null
Runtime error near line 261: CQL extension: Invalid procedure arguments
Runtime error near line 262: CQL extension: Invalid procedure arguments
Runtime error near line 263: CQL extension: Invalid procedure arguments
Runtime error near line 264: CQL extension: Invalid procedure arguments
HW|text|HW|text
Runtime error near line 266: CQL extension: Invalid procedure arguments
Runtime error near line 267: CQL extension: Invalid procedure arguments
Runtime error near line 268: CQL extension: Invalid procedure arguments
Runtime error near line 270: CQL extension: Invalid procedure arguments
Runtime error near line 271: CQL extension: Invalid procedure arguments
Runtime error near line 272: CQL extension: Invalid procedure arguments
Runtime error near line 273: CQL extension: Invalid procedure arguments
HW|text|HW|text
Runtime error near line 275: CQL extension: Invalid procedure arguments
Runtime error near line 276: CQL extension: Invalid procedure arguments
|null||null
Runtime error near line 280: CQL extension: Invalid procedure arguments
Runtime error near line 281: CQL extension: Invalid procedure arguments
Runtime error near line 282: CQL extension: Invalid procedure arguments
Runtime error near line 283: CQL extension: Invalid procedure arguments
Runtime error near line 284: CQL extension: Invalid procedure arguments
blob|blob|blob|blob
Runtime error near line 286: CQL extension: Invalid procedure arguments
Runtime error near line 287: CQL extension: Invalid procedure arguments
Runtime error near line 289: CQL extension: Invalid procedure arguments
Runtime error near line 290: CQL extension: Invalid procedure arguments
Runtime error near line 291: CQL extension: Invalid procedure arguments
Runtime error near line 292: CQL extension: Invalid procedure arguments
Runtime error near line 293: CQL extension: Invalid procedure arguments
blob|blob|blob|blob
Runtime error near line 295: CQL extension: Invalid procedure arguments
|null||null
10|20|30
1|1
2|1
3|2
4|3
5|5
6|8
7|13
8|21
9|34
10|55
11|89
12|144
13|233
14|377
15|610
16|987
17|1597
18|2584
19|4181
20|6765
1|1
2|4
3|9
