# Clean up output directory
# Build CQL compiler
make: Nothing to be done for 'all'.
# Generate stored procedures C and JSON output
Sample.c
Sample.json
# Generate SQLite3 extension
SampleInterop.c
# Running test cases
./out/demo
explicit test
Row: 100, 200, 300
done explicit test
Starting demo.
Hello World !
three int test1 2 3
4 5 6
in__bool__not_null: passed with TRUE
in__bool__not_null: passed with FALSE
in__bool__nullable: passed with TRUE
in__bool__nullable: passed with FALSE
in__bool__nullable: passed with NULL
in__integer__not_null: passed with 1
in__integer__not_null: passed with 100
in__integer__nullable: passed with NULL
in__integer__nullable: passed with 2
in__integer__nullable: passed with 200
in__real__not_null: passed with 1.5
in__real__not_null: passed with 100.5
in__real__nullable: passed with NULL
in__real__nullable: passed with 2.5
in__real__nullable: passed with 200.5
in__text__not_null: passed with foo_text
in__text__nullable: passed with NULL
in__text__nullable: passed with bar_text
in__blob__not_null: passed with a_blob
in__blob__nullable: passed with NULL
in__blob__nullable: passed with a_blob
0 0 text_0
1 100 text_1
2 200 text_2
3 300 text_3
4 400 text_4
5 500 text_5
6 600 text_6
7 700 text_7
8 800 text_8
9 900 text_9
Successful exit
