
digraph parse {
    stmt_list0 [label = "stmt_list" shape=plaintext]
    stmt_list0 -> select_stmt1;
    select_stmt1 [label = "select_stmt" shape=plaintext]
    select_stmt1 -> select_core_list2;
    select_core_list2 [label = "select_core_list" shape=plaintext]
    select_core_list2 -> select_core3;
    select_core3 [label = "select_core" shape=plaintext]
    _3 [label = "&#x2307;" shape=plaintext]
    select_core3 -> _3;
 select_core3 -> select_expr_list_con4;
    select_expr_list_con4 [label = "select_expr_list_con" shape=plaintext]
    select_expr_list_con4 -> select_expr_list5;
    select_expr_list5 [label = "select_expr_list" shape=plaintext]
    select_expr_list5 -> select_expr6;
    select_expr6 [label = "select_expr" shape=plaintext]
    select_expr6 -> str7;
    str7 [label = "x" shape=plaintext]
    _6 [label = "&#x2307;" shape=plaintext]
    select_expr6 -> _6;
 select_expr_list5 -> select_expr_list8;
    select_expr_list8 [label = "select_expr_list" shape=plaintext]
    select_expr_list8 -> select_expr9;
    select_expr9 [label = "select_expr" shape=plaintext]
    select_expr9 -> str10;
    str10 [label = "y" shape=plaintext]
    _9 [label = "&#x2307;" shape=plaintext]
    select_expr9 -> _9;
 select_expr_list8 -> select_expr_list11;
    select_expr_list11 [label = "select_expr_list" shape=plaintext]
    select_expr_list11 -> select_expr12;
    select_expr12 [label = "select_expr" shape=plaintext]
    select_expr12 -> num13;
    num13 [label = "5.2" shape=plaintext]
    _12 [label = "&#x2307;" shape=plaintext]
    select_expr12 -> _12;
    _11 [label = "&#x2307;" shape=plaintext]
    select_expr_list11 -> _11;
 select_expr_list_con4 -> select_from_etc14;
    select_from_etc14 [label = "select_from_etc" shape=plaintext]
    select_from_etc14 -> table_or_subquery_list15;
    table_or_subquery_list15 [label = "table_or_subquery_list" shape=plaintext]
    table_or_subquery_list15 -> table_or_subquery16;
    table_or_subquery16 [label = "table_or_subquery" shape=plaintext]
    table_or_subquery16 -> str17;
    str17 [label = "A" shape=plaintext]
    _16 [label = "&#x2307;" shape=plaintext]
    table_or_subquery16 -> _16;
    _15 [label = "&#x2307;" shape=plaintext]
    table_or_subquery_list15 -> _15;
 select_from_etc14 -> select_where18;
    select_where18 [label = "select_where" shape=plaintext]
    _18 [label = "&#x2307;" shape=plaintext]
    select_where18 -> _18;
 select_where18 -> select_groupby19;
    select_groupby19 [label = "select_groupby" shape=plaintext]
    _19 [label = "&#x2307;" shape=plaintext]
    select_groupby19 -> _19;
 select_groupby19 -> select_having20;
    select_having20 [label = "select_having" shape=plaintext]
    _2 [label = "&#x2307;" shape=plaintext]
    select_core_list2 -> _2;
 select_stmt1 -> select_orderby21;
    select_orderby21 [label = "select_orderby" shape=plaintext]
    select_orderby21 -> opt_orderby22;
    opt_orderby22 [label = "opt_orderby" shape=plaintext]
    opt_orderby22 -> orderby_list23;
    orderby_list23 [label = "orderby_list" shape=plaintext]
    orderby_list23 -> orderby_item24;
    orderby_item24 [label = "orderby_item" shape=plaintext]
    orderby_item24 -> str25;
    str25 [label = "a" shape=plaintext]
    _24 [label = "&#x2307;" shape=plaintext]
    orderby_item24 -> _24;
 orderby_list23 -> orderby_list26;
    orderby_list26 [label = "orderby_list" shape=plaintext]
    orderby_list26 -> orderby_item27;
    orderby_item27 [label = "orderby_item" shape=plaintext]
    orderby_item27 -> str28;
    str28 [label = "b" shape=plaintext]
    _27 [label = "&#x2307;" shape=plaintext]
    orderby_item27 -> _27;
 orderby_list26 -> orderby_list29;
    orderby_list29 [label = "orderby_list" shape=plaintext]
    orderby_list29 -> orderby_item30;
    orderby_item30 [label = "orderby_item" shape=plaintext]
    orderby_item30 -> str31;
    str31 [label = "c" shape=plaintext]
    _30 [label = "&#x2307;" shape=plaintext]
    orderby_item30 -> _30;
 orderby_list29 -> orderby_list32;
    orderby_list32 [label = "orderby_list" shape=plaintext]
    orderby_list32 -> orderby_item33;
    orderby_item33 [label = "orderby_item" shape=plaintext]
    orderby_item33 -> str34;
    str34 [label = "d" shape=plaintext]
 orderby_item33 -> asc35;
    asc35 [label = "asc" shape=plaintext]
    _32 [label = "&#x2307;" shape=plaintext]
    orderby_list32 -> _32;
    _22 [label = "&#x2307;" shape=plaintext]
    opt_orderby22 -> _22;
 select_orderby21 -> select_limit36;
    select_limit36 [label = "select_limit" shape=plaintext]
    select_limit36 -> opt_limit37;
    opt_limit37 [label = "opt_limit" shape=plaintext]
    opt_limit37 -> num38;
    num38 [label = "5" shape=plaintext]
    _37 [label = "&#x2307;" shape=plaintext]
    opt_limit37 -> _37;
 select_limit36 -> select_offset39;
    select_offset39 [label = "select_offset" shape=plaintext]
 stmt_list0 -> stmt_list40;
    stmt_list40 [label = "stmt_list" shape=plaintext]
    stmt_list40 -> select_stmt41;
    select_stmt41 [label = "select_stmt" shape=plaintext]
    select_stmt41 -> select_core_list42;
    select_core_list42 [label = "select_core_list" shape=plaintext]
    select_core_list42 -> select_core43;
    select_core43 [label = "select_core" shape=plaintext]
    _43 [label = "&#x2307;" shape=plaintext]
    select_core43 -> _43;
 select_core43 -> select_expr_list_con44;
    select_expr_list_con44 [label = "select_expr_list_con" shape=plaintext]
    select_expr_list_con44 -> select_expr_list45;
    select_expr_list45 [label = "select_expr_list" shape=plaintext]
    select_expr_list45 -> select_expr46;
    select_expr46 [label = "select_expr" shape=plaintext]
    select_expr46 -> add47;
    add47 [label = "add" shape=plaintext]
    add47 -> num48;
    num48 [label = "1.2" shape=plaintext]
 add47 -> mul49;
    mul49 [label = "mul" shape=plaintext]
    mul49 -> num50;
    num50 [label = "2147483648" shape=plaintext]
 mul49 -> num51;
    num51 [label = "3" shape=plaintext]
    _46 [label = "&#x2307;" shape=plaintext]
    select_expr46 -> _46;
    _45 [label = "&#x2307;" shape=plaintext]
    select_expr_list45 -> _45;
 select_expr_list_con44 -> select_from_etc52;
    select_from_etc52 [label = "select_from_etc" shape=plaintext]
    _52 [label = "&#x2307;" shape=plaintext]
    select_from_etc52 -> _52;
 select_from_etc52 -> select_where53;
    select_where53 [label = "select_where" shape=plaintext]
    _53 [label = "&#x2307;" shape=plaintext]
    select_where53 -> _53;
 select_where53 -> select_groupby54;
    select_groupby54 [label = "select_groupby" shape=plaintext]
    _54 [label = "&#x2307;" shape=plaintext]
    select_groupby54 -> _54;
 select_groupby54 -> select_having55;
    select_having55 [label = "select_having" shape=plaintext]
    _42 [label = "&#x2307;" shape=plaintext]
    select_core_list42 -> _42;
 select_stmt41 -> select_orderby56;
    select_orderby56 [label = "select_orderby" shape=plaintext]
    _56 [label = "&#x2307;" shape=plaintext]
    select_orderby56 -> _56;
 select_orderby56 -> select_limit57;
    select_limit57 [label = "select_limit" shape=plaintext]
    _57 [label = "&#x2307;" shape=plaintext]
    select_limit57 -> _57;
 select_limit57 -> select_offset58;
    select_offset58 [label = "select_offset" shape=plaintext]
 stmt_list40 -> stmt_list59;
    stmt_list59 [label = "stmt_list" shape=plaintext]
    stmt_list59 -> select_stmt60;
    select_stmt60 [label = "select_stmt" shape=plaintext]
    select_stmt60 -> select_core_list61;
    select_core_list61 [label = "select_core_list" shape=plaintext]
    select_core_list61 -> select_core62;
    select_core62 [label = "select_core" shape=plaintext]
    _62 [label = "&#x2307;" shape=plaintext]
    select_core62 -> _62;
 select_core62 -> select_expr_list_con63;
    select_expr_list_con63 [label = "select_expr_list_con" shape=plaintext]
    select_expr_list_con63 -> select_expr_list64;
    select_expr_list64 [label = "select_expr_list" shape=plaintext]
    select_expr_list64 -> select_expr65;
    select_expr65 [label = "select_expr" shape=plaintext]
    select_expr65 -> concat66;
    concat66 [label = "concat" shape=plaintext]
    concat66 -> str67;
    str67 [label = "\"a\"" shape=plaintext]
 concat66 -> str68;
    str68 [label = "\"b\"" shape=plaintext]
    _65 [label = "&#x2307;" shape=plaintext]
    select_expr65 -> _65;
    _64 [label = "&#x2307;" shape=plaintext]
    select_expr_list64 -> _64;
 select_expr_list_con63 -> select_from_etc69;
    select_from_etc69 [label = "select_from_etc" shape=plaintext]
    _69 [label = "&#x2307;" shape=plaintext]
    select_from_etc69 -> _69;
 select_from_etc69 -> select_where70;
    select_where70 [label = "select_where" shape=plaintext]
    _70 [label = "&#x2307;" shape=plaintext]
    select_where70 -> _70;
 select_where70 -> select_groupby71;
    select_groupby71 [label = "select_groupby" shape=plaintext]
    _71 [label = "&#x2307;" shape=plaintext]
    select_groupby71 -> _71;
 select_groupby71 -> select_having72;
    select_having72 [label = "select_having" shape=plaintext]
    _61 [label = "&#x2307;" shape=plaintext]
    select_core_list61 -> _61;
 select_stmt60 -> select_orderby73;
    select_orderby73 [label = "select_orderby" shape=plaintext]
    _73 [label = "&#x2307;" shape=plaintext]
    select_orderby73 -> _73;
 select_orderby73 -> select_limit74;
    select_limit74 [label = "select_limit" shape=plaintext]
    _74 [label = "&#x2307;" shape=plaintext]
    select_limit74 -> _74;
 select_limit74 -> select_offset75;
    select_offset75 [label = "select_offset" shape=plaintext]
    _59 [label = "&#x2307;" shape=plaintext]
    stmt_list59 -> _59;
}
