test/macro_exp_errors.sql:XXXX:1: error: in macro_formal : not enough arguments to macro 'exp'
 -> 'exp!' in test/macro_exp_errors.sql:6
test/macro_exp_errors.sql:XXXX:1: error: in expr_macro_arg : too many arguments to macro 'exp'
 -> 'exp!' in test/macro_exp_errors.sql:7
test/macro_exp_errors.sql:XXXX:1: error: in select_expr_macro_arg : macro type mismatch in argument 'e'
 -> 'exp!' in test/macro_exp_errors.sql:11
test/macro_exp_errors.sql:XXXX:1: error: in at_id : @ID expansion is not a valid identifier 'foo bar'
test/macro_exp_errors.sql:XXXX:1: error: in at_id : @ID expansion is not a valid identifier ' foo'
test/macro_exp_errors.sql:XXXX:1: error: in at_id : @ID expansion is not a valid identifier ''
test/macro_exp_errors.sql:XXXX:1: error: in select_expr_macro_arg : macro type mismatch in argument 'e'
 -> 'exp!' in test/macro_exp_errors.sql:21
 -> 'sel1!' in test/macro_exp_errors.sql:26
 -> 'sel2!' in test/macro_exp_errors.sql:31
 -> 'sel3!' in test/macro_exp_errors.sql:34
test/macro_exp_errors.sql:XXXX:1: error: in unknown_macro_ref : macro reference is not a valid macro 'unknown_macro'
test/macro_exp_errors.sql:XXXX:1: error: in unknown_macro_arg_ref : macro reference is not a valid macro 'unknown_arg'
test/macro_exp_errors.sql:XXXX:1: error: in unknown_macro_arg_ref : macro reference is not a valid macro 'not_valid_arg'
test/macro_exp_errors.sql:XXXX:1: error: in unknown_macro_arg : macro type mismatch in argument 'e'
 -> 'exp!' in test/macro_exp_errors.sql:40
test/macro_exp_errors.sql:XXXX:1: error: in unknown_macro_ref : macro reference is not a valid macro 'not_valid_macro'
test/macro_exp_errors.sql:XXXX:1: error: in unknown_macro_arg : macro type mismatch in argument 'e'
 -> 'exp!' in test/macro_exp_errors.sql:42
test/macro_exp_errors.sql:XXXX:1: error: in select_core_macro_arg_ref : select_core macro or argument used where it is not allowed 'c'
 -> 'all_slots2!' in test/macro_exp_errors.sql:80
