test/macro_exp_errors.sql:XXXX:1: error: in macro_formal : not enough arguments to macro 'exp'
 -> 'exp' in test/macro_exp_errors.sql:6
test/macro_exp_errors.sql:XXXX:1: error: in expr_macro_arg : too many arguments to macro 'exp'
 -> 'exp' in test/macro_exp_errors.sql:7
test/macro_exp_errors.sql:XXXX:1: error: in select_expr_macro_arg : macro type mismatch in argument 'e'
 -> 'exp' in test/macro_exp_errors.sql:11
