{stmt_list}: err

The statement ending at line XXXX

@ATTRIBUTE(cql:builtin)
DECLARE FUNC cql_partition_create () CREATE OBJECT<partitioning> NOT NULL;

  {stmt_and_attr}: ok
  | {misc_attrs}: ok
  | | {misc_attr}
  |   | {dot}
  |     | {name cql}
  |     | {name builtin}
  | {declare_func_stmt}: object<partitioning> notnull create_func
    | {name cql_partition_create}: object<partitioning> notnull create_func
    | {func_params_return}
      | {create_data_type}: object<partitioning> notnull create_func
        | {notnull}: object<partitioning> notnull
          | {type_object}: object<partitioning>
            | {name partitioning}

The statement ending at line XXXX

@ATTRIBUTE(cql:builtin)
DECLARE FUNC cql_partition_cursor (p OBJECT<partitioning> NOT NULL, key CURSOR, value CURSOR) BOOL NOT NULL;

  {stmt_and_attr}: ok
  | {misc_attrs}: ok
  | | {misc_attr}
  |   | {dot}
  |     | {name cql}
  |     | {name builtin}
  | {declare_func_stmt}: bool notnull
    | {name cql_partition_cursor}: bool notnull
    | {func_params_return}
      | {params}: ok
      | | {param}: p: object<partitioning> notnull variable in
      | | | {param_detail}: p: object<partitioning> notnull variable in
      | |   | {name p}: p: object<partitioning> notnull variable in
      | |   | {notnull}: object<partitioning> notnull
      | |     | {type_object}: object<partitioning>
      | |       | {name partitioning}
      | | {params}
      |   | {param}: key: cursor variable in
      |   | | {param_detail}: key: cursor variable in
      |   |   | {name key}: key: cursor variable in
      |   |   | {type_cursor}: cursor
      |   | {params}
      |     | {param}: value: cursor variable in
      |       | {param_detail}: value: cursor variable in
      |         | {name value}: value: cursor variable in
      |         | {type_cursor}: cursor
      | {notnull}: bool notnull
        | {type_bool}: bool

The statement ending at line XXXX

@ATTRIBUTE(cql:builtin)
DECLARE FUNC cql_extract_partition (p OBJECT<partitioning> NOT NULL, key CURSOR) CREATE OBJECT NOT NULL;

  {stmt_and_attr}: ok
  | {misc_attrs}: ok
  | | {misc_attr}
  |   | {dot}
  |     | {name cql}
  |     | {name builtin}
  | {declare_func_stmt}: object notnull create_func
    | {name cql_extract_partition}: object notnull create_func
    | {func_params_return}
      | {params}: ok
      | | {param}: p: object<partitioning> notnull variable in
      | | | {param_detail}: p: object<partitioning> notnull variable in
      | |   | {name p}: p: object<partitioning> notnull variable in
      | |   | {notnull}: object<partitioning> notnull
      | |     | {type_object}: object<partitioning>
      | |       | {name partitioning}
      | | {params}
      |   | {param}: key: cursor variable in
      |     | {param_detail}: key: cursor variable in
      |       | {name key}: key: cursor variable in
      |       | {type_cursor}: cursor
      | {create_data_type}: object notnull create_func
        | {notnull}: object notnull
          | {type_object}: object

The statement ending at line XXXX

@ATTRIBUTE(cql:builtin)
DECLARE FUNC cql_string_dictionary_create () CREATE OBJECT<string_dictionary> NOT NULL;

  {stmt_and_attr}: ok
  | {misc_attrs}: ok
  | | {misc_attr}
  |   | {dot}
  |     | {name cql}
  |     | {name builtin}
  | {declare_func_stmt}: object<string_dictionary> notnull create_func
    | {name cql_string_dictionary_create}: object<string_dictionary> notnull create_func
    | {func_params_return}
      | {create_data_type}: object<string_dictionary> notnull create_func
        | {notnull}: object<string_dictionary> notnull
          | {type_object}: object<string_dictionary>
            | {name string_dictionary}

The statement ending at line XXXX

@ATTRIBUTE(cql:builtin)
DECLARE FUNC cql_string_dictionary_add (dict OBJECT<string_dictionary> NOT NULL, key TEXT NOT NULL, value TEXT NOT NULL) BOOL NOT NULL;

  {stmt_and_attr}: ok
  | {misc_attrs}: ok
  | | {misc_attr}
  |   | {dot}
  |     | {name cql}
  |     | {name builtin}
  | {declare_func_stmt}: bool notnull
    | {name cql_string_dictionary_add}: bool notnull
    | {func_params_return}
      | {params}: ok
      | | {param}: dict: object<string_dictionary> notnull variable in
      | | | {param_detail}: dict: object<string_dictionary> notnull variable in
      | |   | {name dict}: dict: object<string_dictionary> notnull variable in
      | |   | {notnull}: object<string_dictionary> notnull
      | |     | {type_object}: object<string_dictionary>
      | |       | {name string_dictionary}
      | | {params}
      |   | {param}: key: text notnull variable in
      |   | | {param_detail}: key: text notnull variable in
      |   |   | {name key}: key: text notnull variable in
      |   |   | {notnull}: text notnull
      |   |     | {type_text}: text
      |   | {params}
      |     | {param}: value: text notnull variable in
      |       | {param_detail}: value: text notnull variable in
      |         | {name value}: value: text notnull variable in
      |         | {notnull}: text notnull
      |           | {type_text}: text
      | {notnull}: bool notnull
        | {type_bool}: bool

The statement ending at line XXXX

@ATTRIBUTE(cql:builtin)
DECLARE FUNC cql_string_dictionary_find (dict OBJECT<string_dictionary> NOT NULL, key TEXT) TEXT;

  {stmt_and_attr}: ok
  | {misc_attrs}: ok
  | | {misc_attr}
  |   | {dot}
  |     | {name cql}
  |     | {name builtin}
  | {declare_func_stmt}: text
    | {name cql_string_dictionary_find}: text
    | {func_params_return}
      | {params}: ok
      | | {param}: dict: object<string_dictionary> notnull variable in
      | | | {param_detail}: dict: object<string_dictionary> notnull variable in
      | |   | {name dict}: dict: object<string_dictionary> notnull variable in
      | |   | {notnull}: object<string_dictionary> notnull
      | |     | {type_object}: object<string_dictionary>
      | |       | {name string_dictionary}
      | | {params}
      |   | {param}: key: text variable in
      |     | {param_detail}: key: text variable in
      |       | {name key}: key: text variable in
      |       | {type_text}: text
      | {type_text}: text

The statement ending at line XXXX

@ATTRIBUTE(cql:builtin)
DECLARE FUNC cql_cursor_format (C CURSOR) CREATE TEXT NOT NULL;

  {stmt_and_attr}: ok
  | {misc_attrs}: ok
  | | {misc_attr}
  |   | {dot}
  |     | {name cql}
  |     | {name builtin}
  | {declare_func_stmt}: text notnull create_func
    | {name cql_cursor_format}: text notnull create_func
    | {func_params_return}
      | {params}: ok
      | | {param}: C: cursor variable in
      |   | {param_detail}: C: cursor variable in
      |     | {name C}: C: cursor variable in
      |     | {type_cursor}: cursor
      | {create_data_type}: text notnull create_func
        | {notnull}: text notnull
          | {type_text}: text

The statement ending at line XXXX

@ATTRIBUTE(cql:builtin)
DECLARE cql_string_list TYPE OBJECT<cql_string_list>;

  {stmt_and_attr}: ok
  | {misc_attrs}: ok
  | | {misc_attr}
  |   | {dot}
  |     | {name cql}
  |     | {name builtin}
  | {declare_named_type}: object<cql_string_list>
    | {name cql_string_list}: object<cql_string_list>
    | {type_object}: object<cql_string_list>
      | {name cql_string_list}

The statement ending at line XXXX

@ATTRIBUTE(cql:builtin)
DECLARE FUNC create_cql_string_list () CREATE OBJECT<cql_string_list> NOT NULL;

  {stmt_and_attr}: ok
  | {misc_attrs}: ok
  | | {misc_attr}
  |   | {dot}
  |     | {name cql}
  |     | {name builtin}
  | {declare_func_stmt}: object<cql_string_list> notnull create_func
    | {name create_cql_string_list}: object<cql_string_list> notnull create_func
    | {func_params_return}
      | {create_data_type}: object<cql_string_list> notnull create_func
        | {notnull}: object<cql_string_list> notnull
          | {type_object}: object<cql_string_list>
            | {name cql_string_list}

The statement ending at line XXXX

@ATTRIBUTE(cql:builtin)
DECLARE FUNC set_in_object_cql_string_list (list OBJECT<cql_string_list> NOT NULL, index_ INTEGER NOT NULL, value_ TEXT NOT NULL) OBJECT<cql_string_list> NOT NULL;

  {stmt_and_attr}: ok
  | {misc_attrs}: ok
  | | {misc_attr}
  |   | {dot}
  |     | {name cql}
  |     | {name builtin}
  | {declare_func_stmt}: object<cql_string_list> notnull
    | {name set_in_object_cql_string_list}: object<cql_string_list> notnull
    | {func_params_return}
      | {params}: ok
      | | {param}: list: object<cql_string_list> notnull variable in
      | | | {param_detail}: list: object<cql_string_list> notnull variable in
      | |   | {name list}: list: object<cql_string_list> notnull variable in
      | |   | {notnull}: object<cql_string_list> notnull
      | |     | {type_object}: object<cql_string_list>
      | |       | {name cql_string_list}
      | | {params}
      |   | {param}: index_: integer notnull variable in
      |   | | {param_detail}: index_: integer notnull variable in
      |   |   | {name index_}: index_: integer notnull variable in
      |   |   | {notnull}: integer notnull
      |   |     | {type_int}: integer
      |   | {params}
      |     | {param}: value_: text notnull variable in
      |       | {param_detail}: value_: text notnull variable in
      |         | {name value_}: value_: text notnull variable in
      |         | {notnull}: text notnull
      |           | {type_text}: text
      | {notnull}: object<cql_string_list> notnull
        | {type_object}: object<cql_string_list>
          | {name cql_string_list}

The statement ending at line XXXX

@ATTRIBUTE(cql:builtin)
DECLARE FUNC get_from_object_cql_string_list (list OBJECT<cql_string_list> NOT NULL, index_ INTEGER NOT NULL) TEXT;

  {stmt_and_attr}: ok
  | {misc_attrs}: ok
  | | {misc_attr}
  |   | {dot}
  |     | {name cql}
  |     | {name builtin}
  | {declare_func_stmt}: text
    | {name get_from_object_cql_string_list}: text
    | {func_params_return}
      | {params}: ok
      | | {param}: list: object<cql_string_list> notnull variable in
      | | | {param_detail}: list: object<cql_string_list> notnull variable in
      | |   | {name list}: list: object<cql_string_list> notnull variable in
      | |   | {notnull}: object<cql_string_list> notnull
      | |     | {type_object}: object<cql_string_list>
      | |       | {name cql_string_list}
      | | {params}
      |   | {param}: index_: integer notnull variable in
      |     | {param_detail}: index_: integer notnull variable in
      |       | {name index_}: index_: integer notnull variable in
      |       | {notnull}: integer notnull
      |         | {type_int}: integer
      | {type_text}: text

The statement ending at line XXXX

@ATTRIBUTE(cql:builtin)
DECLARE FUNC get_object_cql_string_list_count (list OBJECT<cql_string_list> NOT NULL) INTEGER NOT NULL;

  {stmt_and_attr}: ok
  | {misc_attrs}: ok
  | | {misc_attr}
  |   | {dot}
  |     | {name cql}
  |     | {name builtin}
  | {declare_func_stmt}: integer notnull
    | {name get_object_cql_string_list_count}: integer notnull
    | {func_params_return}
      | {params}: ok
      | | {param}: list: object<cql_string_list> notnull variable in
      |   | {param_detail}: list: object<cql_string_list> notnull variable in
      |     | {name list}: list: object<cql_string_list> notnull variable in
      |     | {notnull}: object<cql_string_list> notnull
      |       | {type_object}: object<cql_string_list>
      |         | {name cql_string_list}
      | {notnull}: integer notnull
        | {type_int}: integer

The statement ending at line XXXX

@ATTRIBUTE(cql:builtin)
DECLARE FUNC add_object_cql_string_list (list OBJECT<cql_string_list> NOT NULL, string TEXT NOT NULL) OBJECT<cql_string_list> NOT NULL;

  {stmt_and_attr}: ok
  | {misc_attrs}: ok
  | | {misc_attr}
  |   | {dot}
  |     | {name cql}
  |     | {name builtin}
  | {declare_func_stmt}: object<cql_string_list> notnull
    | {name add_object_cql_string_list}: object<cql_string_list> notnull
    | {func_params_return}
      | {params}: ok
      | | {param}: list: object<cql_string_list> notnull variable in
      | | | {param_detail}: list: object<cql_string_list> notnull variable in
      | |   | {name list}: list: object<cql_string_list> notnull variable in
      | |   | {notnull}: object<cql_string_list> notnull
      | |     | {type_object}: object<cql_string_list>
      | |       | {name cql_string_list}
      | | {params}
      |   | {param}: string: text notnull variable in
      |     | {param_detail}: string: text notnull variable in
      |       | {name string}: string: text notnull variable in
      |       | {notnull}: text notnull
      |         | {type_text}: text
      | {notnull}: object<cql_string_list> notnull
        | {type_object}: object<cql_string_list>
          | {name cql_string_list}

The statement ending at line XXXX

@ATTRIBUTE(cql:builtin)
DECLARE bool TYPE BOOL;

  {stmt_and_attr}: ok
  | {misc_attrs}: ok
  | | {misc_attr}
  |   | {dot}
  |     | {name cql}
  |     | {name builtin}
  | {declare_named_type}: bool
    | {name bool}: bool
    | {type_bool}: bool

The statement ending at line XXXX

@ATTRIBUTE(cql:builtin)
DECLARE int TYPE INTEGER;

  {stmt_and_attr}: ok
  | {misc_attrs}: ok
  | | {misc_attr}
  |   | {dot}
  |     | {name cql}
  |     | {name builtin}
  | {declare_named_type}: integer
    | {name int}: integer
    | {type_int}: integer

The statement ending at line XXXX

@ATTRIBUTE(cql:builtin)
DECLARE integer TYPE INTEGER;

  {stmt_and_attr}: ok
  | {misc_attrs}: ok
  | | {misc_attr}
  |   | {dot}
  |     | {name cql}
  |     | {name builtin}
  | {declare_named_type}: integer
    | {name integer}: integer
    | {type_int}: integer

The statement ending at line XXXX

@ATTRIBUTE(cql:builtin)
DECLARE long TYPE LONG_INT;

  {stmt_and_attr}: ok
  | {misc_attrs}: ok
  | | {misc_attr}
  |   | {dot}
  |     | {name cql}
  |     | {name builtin}
  | {declare_named_type}: longint
    | {name long}: longint
    | {type_long}: longint

The statement ending at line XXXX

@ATTRIBUTE(cql:builtin)
DECLARE real TYPE REAL;

  {stmt_and_attr}: ok
  | {misc_attrs}: ok
  | | {misc_attr}
  |   | {dot}
  |     | {name cql}
  |     | {name builtin}
  | {declare_named_type}: real
    | {name real}: real
    | {type_real}: real

The statement ending at line XXXX

@ATTRIBUTE(cql:builtin)
DECLARE text TYPE TEXT;

  {stmt_and_attr}: ok
  | {misc_attrs}: ok
  | | {misc_attr}
  |   | {dot}
  |     | {name cql}
  |     | {name builtin}
  | {declare_named_type}: text
    | {name text}: text
    | {type_text}: text

The statement ending at line XXXX

@ATTRIBUTE(cql:builtin)
DECLARE object TYPE OBJECT;

  {stmt_and_attr}: ok
  | {misc_attrs}: ok
  | | {misc_attr}
  |   | {dot}
  |     | {name cql}
  |     | {name builtin}
  | {declare_named_type}: object
    | {name object}: object
    | {type_object}: object

The statement ending at line XXXX

@ATTRIBUTE(cql:builtin)
DECLARE blob TYPE BLOB;

  {stmt_and_attr}: ok
  | {misc_attrs}: ok
  | | {misc_attr}
  |   | {dot}
  |     | {name cql}
  |     | {name builtin}
  | {declare_named_type}: blob
    | {name blob}: blob
    | {type_blob}: blob

The statement ending at line XXXX

@ATTRIBUTE(cql:builtin)
DECLARE long_int TYPE LONG_INT;

  {stmt_and_attr}: ok
  | {misc_attrs}: ok
  | | {misc_attr}
  |   | {dot}
  |     | {name cql}
  |     | {name builtin}
  | {declare_named_type}: longint
    | {name long_int}: longint
    | {type_long}: longint

The statement ending at line XXXX

EXPLAIN
SELECT 1;

test/sem_test_dev.sql:XXXX:1: error: in explain_stmt : CQL0292: explain statement is only available in dev mode because its result set may vary between SQLite versions

  {explain_stmt}: err
  | {int 1}
  | {select_stmt}
    | {select_core_list}
    | | {select_core}
    |   | {select_expr_list_con}
    |     | {select_expr_list}
    |     | | {select_expr}
    |     |   | {int 1}
    |     | {select_from_etc}
    |       | {select_where}
    |         | {select_groupby}
    |           | {select_having}
    | {select_orderby}
      | {select_limit}
        | {select_offset}

The statement ending at line XXXX

EXPLAIN QUERY PLAN
SELECT *
  FROM foo
  INNER JOIN bar
  WHERE foo.id = 1;

test/sem_test_dev.sql:XXXX:1: error: in explain_stmt : CQL0292: explain statement is only available in dev mode because its result set may vary between SQLite versions

  {explain_stmt}: err
  | {int 2}
  | {select_stmt}
    | {select_core_list}
    | | {select_core}
    |   | {select_expr_list_con}
    |     | {select_expr_list}
    |     | | {star}
    |     | {select_from_etc}
    |       | {join_clause}
    |       | | {table_or_subquery}
    |       | | | {name foo}
    |       | | {join_target_list}
    |       |   | {join_target}
    |       |     | {int 1} {join_inner}
    |       |     | {table_join}
    |       |       | {table_or_subquery}
    |       |         | {name bar}
    |       | {select_where}
    |         | {opt_where}
    |         | | {eq}
    |         |   | {dot}
    |         |   | | {name foo}
    |         |   | | {name id}
    |         |   | {int 1}
    |         | {select_groupby}
    |           | {select_having}
    | {select_orderby}
      | {select_limit}
        | {select_offset}

