SQLite Verison: 3.37.2
err: 	101	db info:	101	no more rows available
err: 	101	db info:	101	no more rows available
err: 	101	thrown exception
err: 	12345	thrown exception
err: 	1	db info:	1	no such table: dummy_table
err: 	1	db info:	1	no such table: dummy_table
err: 	101	db info:	101	no more rows available
err: 	101	thrown exception
err: 	1	db info:	1	table foo already exists
err: 	19	db info:	19	UNIQUE constraint failed: foo.id
blob corruption results: good: 0, bad: 1000
1000 bad results is normal
err: 	19	db info:	19	UNIQUE constraint failed: backing.the key
err: 	19	db info:	19	UNIQUE constraint failed: backing.the key
err: 	19	db info:	19	UNIQUE constraint failed: backing.the key
exit code	0
